
> lumina-foods-monorepo@1.0.0 build:web
> npm run build --workspace=apps/web


> web@1.0.0 build
> next build

  Γû▓ Next.js 14.2.35

   Linting and checking validity of types ...
   Creating an optimized production build ...
node.exe :  ΓÜá Found lockfile missing swc dependencies, patching...
At line:1 char:1
+ & "C:\Program Files\nodejs/node.exe" "C:\Program Files\nodejs/node_mo ...
+ ~~~~~~~~~~~~~~~~~~~~~~~~~~~~~~~~~~~~~~~~~~~~~~~~~~~~~~~~~~~~~~~~~~~~~
    + CategoryInfo          : NotSpecified: ( ΓÜá Found lock...es, patching...:String) [], RemoteException
    + FullyQualifiedErrorId : NativeCommandError
 
npm error code ENOWORKSPACES
npm error This command does not support workspaces.
npm error A complete log of this run can be found in: 
C:\Users\Home\AppData\Local\npm-cache\_logs\2026-05-19T08_00_01_406Z-debug-0.log
 Γ¿» Failed to patch lockfile, please try uninstalling and reinstalling next in this workspace
TypeError: Cannot read properties of undefined (reading 'os')
    at fetchPkgInfo (F:\My Files\STITCH\lUMINIA 
FOODS\apps\web\node_modules\next\dist\lib\patch-incorrect-lockfile.js:73:25)
    at process.processTicksAndRejections (node:internal/process/task_queues:104:5)
    at async Promise.all (index 5)
    at async patchIncorrectLockfile (F:\My Files\STITCH\lUMINIA 
FOODS\apps\web\node_modules\next\dist\lib\patch-incorrect-lockfile.js:162:26)
 Γ£ô Compiled successfully
   Collecting page data ...
   Generating static pages (0/20) ...
TypeError: Cannot read properties of null (reading 'useContext')
    at exports.useContext (F:\My Files\STITCH\lUMINIA FOODS\node_modules\react\cjs\react.production.min.js:24:118)
    at StyleRegistry (F:\My Files\STITCH\lUMINIA FOODS\node_modules\styled-jsx\dist\index\index.js:450:30)
    at Wc (F:\My Files\STITCH\lUMINIA 
FOODS\apps\web\node_modules\react-dom\cjs\react-dom-server.browser.production.min.js:68:44)
    at Zc (F:\My Files\STITCH\lUMINIA 
FOODS\apps\web\node_modules\react-dom\cjs\react-dom-server.browser.production.min.js:70:253)
    at Z (F:\My Files\STITCH\lUMINIA 
FOODS\apps\web\node_modules\react-dom\cjs\react-dom-server.browser.production.min.js:76:89)
    at Zc (F:\My Files\STITCH\lUMINIA 
FOODS\apps\web\node_modules\react-dom\cjs\react-dom-server.browser.production.min.js:74:209)
    at Z (F:\My Files\STITCH\lUMINIA 
FOODS\apps\web\node_modules\react-dom\cjs\react-dom-server.browser.production.min.js:76:89)
    at Zc (F:\My Files\STITCH\lUMINIA 
FOODS\apps\web\node_modules\react-dom\cjs\react-dom-server.browser.production.min.js:74:209)
    at Z (F:\My Files\STITCH\lUMINIA 
FOODS\apps\web\node_modules\react-dom\cjs\react-dom-server.browser.production.min.js:76:89)
    at Zc (F:\My Files\STITCH\lUMINIA 
FOODS\apps\web\node_modules\react-dom\cjs\react-dom-server.browser.production.min.js:74:209)

Error occurred prerendering page "/". Read more: https://nextjs.org/docs/messages/prerender-error

TypeError: Cannot read properties of null (reading 'useContext')
    at exports.useContext (F:\My Files\STITCH\lUMINIA FOODS\node_modules\react\cjs\react.production.min.js:24:118)
    at StyleRegistry (F:\My Files\STITCH\lUMINIA FOODS\node_modules\styled-jsx\dist\index\index.js:450:30)
    at Wc (F:\My Files\STITCH\lUMINIA 
FOODS\apps\web\node_modules\react-dom\cjs\react-dom-server.browser.production.min.js:68:44)
    at Zc (F:\My Files\STITCH\lUMINIA 
FOODS\apps\web\node_modules\react-dom\cjs\react-dom-server.browser.production.min.js:70:253)
    at Z (F:\My Files\STITCH\lUMINIA 
FOODS\apps\web\node_modules\react-dom\cjs\react-dom-server.browser.production.min.js:76:89)
    at Zc (F:\My Files\STITCH\lUMINIA 
FOODS\apps\web\node_modules\react-dom\cjs\react-dom-server.browser.production.min.js:74:209)
    at Z (F:\My Files\STITCH\lUMINIA 
FOODS\apps\web\node_modules\react-dom\cjs\react-dom-server.browser.production.min.js:76:89)
    at Zc (F:\My Files\STITCH\lUMINIA 
FOODS\apps\web\node_modules\react-dom\cjs\react-dom-server.browser.production.min.js:74:209)
    at Z (F:\My Files\STITCH\lUMINIA 
FOODS\apps\web\node_modules\react-dom\cjs\react-dom-server.browser.production.min.js:76:89)
    at Zc (F:\My Files\STITCH\lUMINIA 
FOODS\apps\web\node_modules\react-dom\cjs\react-dom-server.browser.production.min.js:74:209)
TypeError: Cannot read properties of null (reading 'useContext')
    at exports.useContext (F:\My Files\STITCH\lUMINIA FOODS\node_modules\react\cjs\react.production.min.js:24:118)
    at StyleRegistry (F:\My Files\STITCH\lUMINIA FOODS\node_modules\styled-jsx\dist\index\index.js:450:30)
    at Wc (F:\My Files\STITCH\lUMINIA 
FOODS\apps\web\node_modules\react-dom\cjs\react-dom-server.browser.production.min.js:68:44)
    at Zc (F:\My Files\STITCH\lUMINIA 
FOODS\apps\web\node_modules\react-dom\cjs\react-dom-server.browser.production.min.js:70:253)
    at Z (F:\My Files\STITCH\lUMINIA 
FOODS\apps\web\node_modules\react-dom\cjs\react-dom-server.browser.production.min.js:76:89)
    at Zc (F:\My Files\STITCH\lUMINIA 
FOODS\apps\web\node_modules\react-dom\cjs\react-dom-server.browser.production.min.js:74:209)
    at Z (F:\My Files\STITCH\lUMINIA 
FOODS\apps\web\node_modules\react-dom\cjs\react-dom-server.browser.production.min.js:76:89)
    at Zc (F:\My Files\STITCH\lUMINIA 
FOODS\apps\web\node_modules\react-dom\cjs\react-dom-server.browser.production.min.js:74:209)
    at Z (F:\My Files\STITCH\lUMINIA 
FOODS\apps\web\node_modules\react-dom\cjs\react-dom-server.browser.production.min.js:76:89)
    at Zc (F:\My Files\STITCH\lUMINIA 
FOODS\apps\web\node_modules\react-dom\cjs\react-dom-server.browser.production.min.js:74:209)

Error occurred prerendering page "/lumina-bites-home-mobile". Read more: 
https://nextjs.org/docs/messages/prerender-error

TypeError: Cannot read properties of null (reading 'useContext')
    at exports.useContext (F:\My Files\STITCH\lUMINIA FOODS\node_modules\react\cjs\react.production.min.js:24:118)
    at StyleRegistry (F:\My Files\STITCH\lUMINIA FOODS\node_modules\styled-jsx\dist\index\index.js:450:30)
    at Wc (F:\My Files\STITCH\lUMINIA 
FOODS\apps\web\node_modules\react-dom\cjs\react-dom-server.browser.production.min.js:68:44)
    at Zc (F:\My Files\STITCH\lUMINIA 
FOODS\apps\web\node_modules\react-dom\cjs\react-dom-server.browser.production.min.js:70:253)
    at Z (F:\My Files\STITCH\lUMINIA 
FOODS\apps\web\node_modules\react-dom\cjs\react-dom-server.browser.production.min.js:76:89)
    at Zc (F:\My Files\STITCH\lUMINIA 
FOODS\apps\web\node_modules\react-dom\cjs\react-dom-server.browser.production.min.js:74:209)
    at Z (F:\My Files\STITCH\lUMINIA 
FOODS\apps\web\node_modules\react-dom\cjs\react-dom-server.browser.production.min.js:76:89)
    at Zc (F:\My Files\STITCH\lUMINIA 
FOODS\apps\web\node_modules\react-dom\cjs\react-dom-server.browser.production.min.js:74:209)
    at Z (F:\My Files\STITCH\lUMINIA 
FOODS\apps\web\node_modules\react-dom\cjs\react-dom-server.browser.production.min.js:76:89)
    at Zc (F:\My Files\STITCH\lUMINIA 
FOODS\apps\web\node_modules\react-dom\cjs\react-dom-server.browser.production.min.js:74:209)
TypeError: Cannot read properties of null (reading 'useContext')
    at exports.useContext (F:\My Files\STITCH\lUMINIA FOODS\node_modules\react\cjs\react.production.min.js:24:118)
    at StyleRegistry (F:\My Files\STITCH\lUMINIA FOODS\node_modules\styled-jsx\dist\index\index.js:450:30)
    at Wc (F:\My Files\STITCH\lUMINIA 
FOODS\apps\web\node_modules\react-dom\cjs\react-dom-server.browser.production.min.js:68:44)
    at Zc (F:\My Files\STITCH\lUMINIA 
FOODS\apps\web\node_modules\react-dom\cjs\react-dom-server.browser.production.min.js:70:253)
    at Z (F:\My Files\STITCH\lUMINIA 
FOODS\apps\web\node_modules\react-dom\cjs\react-dom-server.browser.production.min.js:76:89)
    at Zc (F:\My Files\STITCH\lUMINIA 
FOODS\apps\web\node_modules\react-dom\cjs\react-dom-server.browser.production.min.js:74:209)
    at Z (F:\My Files\STITCH\lUMINIA 
FOODS\apps\web\node_modules\react-dom\cjs\react-dom-server.browser.production.min.js:76:89)
    at Zc (F:\My Files\STITCH\lUMINIA 
FOODS\apps\web\node_modules\react-dom\cjs\react-dom-server.browser.production.min.js:74:209)
    at Z (F:\My Files\STITCH\lUMINIA 
FOODS\apps\web\node_modules\react-dom\cjs\react-dom-server.browser.production.min.js:76:89)
    at Zc (F:\My Files\STITCH\lUMINIA 
FOODS\apps\web\node_modules\react-dom\cjs\react-dom-server.browser.production.min.js:74:209)

Error occurred prerendering page "/locate-us". Read more: https://nextjs.org/docs/messages/prerender-error

TypeError: Cannot read properties of null (reading 'useContext')
    at exports.useContext (F:\My Files\STITCH\lUMINIA FOODS\node_modules\react\cjs\react.production.min.js:24:118)
    at StyleRegistry (F:\My Files\STITCH\lUMINIA FOODS\node_modules\styled-jsx\dist\index\index.js:450:30)
    at Wc (F:\My Files\STITCH\lUMINIA 
FOODS\apps\web\node_modules\react-dom\cjs\react-dom-server.browser.production.min.js:68:44)
    at Zc (F:\My Files\STITCH\lUMINIA 
FOODS\apps\web\node_modules\react-dom\cjs\react-dom-server.browser.production.min.js:70:253)
    at Z (F:\My Files\STITCH\lUMINIA 
FOODS\apps\web\node_modules\react-dom\cjs\react-dom-server.browser.production.min.js:76:89)
    at Zc (F:\My Files\STITCH\lUMINIA 
FOODS\apps\web\node_modules\react-dom\cjs\react-dom-server.browser.production.min.js:74:209)
    at Z (F:\My Files\STITCH\lUMINIA 
FOODS\apps\web\node_modules\react-dom\cjs\react-dom-server.browser.production.min.js:76:89)
    at Zc (F:\My Files\STITCH\lUMINIA 
FOODS\apps\web\node_modules\react-dom\cjs\react-dom-server.browser.production.min.js:74:209)
    at Z (F:\My Files\STITCH\lUMINIA 
FOODS\apps\web\node_modules\react-dom\cjs\react-dom-server.browser.production.min.js:76:89)
    at Zc (F:\My Files\STITCH\lUMINIA 
FOODS\apps\web\node_modules\react-dom\cjs\react-dom-server.browser.production.min.js:74:209)
TypeError: Cannot read properties of null (reading 'useContext')
    at exports.useContext (F:\My Files\STITCH\lUMINIA FOODS\node_modules\react\cjs\react.production.min.js:24:118)
    at StyleRegistry (F:\My Files\STITCH\lUMINIA FOODS\node_modules\styled-jsx\dist\index\index.js:450:30)
    at Wc (F:\My Files\STITCH\lUMINIA 
FOODS\apps\web\node_modules\react-dom\cjs\react-dom-server.browser.production.min.js:68:44)
    at Zc (F:\My Files\STITCH\lUMINIA 
FOODS\apps\web\node_modules\react-dom\cjs\react-dom-server.browser.production.min.js:70:253)
    at Z (F:\My Files\STITCH\lUMINIA 
FOODS\apps\web\node_modules\react-dom\cjs\react-dom-server.browser.production.min.js:76:89)
    at Zc (F:\My Files\STITCH\lUMINIA 
FOODS\apps\web\node_modules\react-dom\cjs\react-dom-server.browser.production.min.js:74:209)
    at Z (F:\My Files\STITCH\lUMINIA 
FOODS\apps\web\node_modules\react-dom\cjs\react-dom-server.browser.production.min.js:76:89)
    at Zc (F:\My Files\STITCH\lUMINIA 
FOODS\apps\web\node_modules\react-dom\cjs\react-dom-server.browser.production.min.js:74:209)
    at Z (F:\My Files\STITCH\lUMINIA 
FOODS\apps\web\node_modules\react-dom\cjs\react-dom-server.browser.production.min.js:76:89)
    at Zc (F:\My Files\STITCH\lUMINIA 
FOODS\apps\web\node_modules\react-dom\cjs\react-dom-server.browser.production.min.js:74:209)

Error occurred prerendering page "/ingredients". Read more: https://nextjs.org/docs/messages/prerender-error

TypeError: Cannot read properties of null (reading 'useContext')
    at exports.useContext (F:\My Files\STITCH\lUMINIA FOODS\node_modules\react\cjs\react.production.min.js:24:118)
    at StyleRegistry (F:\My Files\STITCH\lUMINIA FOODS\node_modules\styled-jsx\dist\index\index.js:450:30)
    at Wc (F:\My Files\STITCH\lUMINIA 
FOODS\apps\web\node_modules\react-dom\cjs\react-dom-server.browser.production.min.js:68:44)
    at Zc (F:\My Files\STITCH\lUMINIA 
FOODS\apps\web\node_modules\react-dom\cjs\react-dom-server.browser.production.min.js:70:253)
    at Z (F:\My Files\STITCH\lUMINIA 
FOODS\apps\web\node_modules\react-dom\cjs\react-dom-server.browser.production.min.js:76:89)
    at Zc (F:\My Files\STITCH\lUMINIA 
FOODS\apps\web\node_modules\react-dom\cjs\react-dom-server.browser.production.min.js:74:209)
    at Z (F:\My Files\STITCH\lUMINIA 
FOODS\apps\web\node_modules\react-dom\cjs\react-dom-server.browser.production.min.js:76:89)
    at Zc (F:\My Files\STITCH\lUMINIA 
FOODS\apps\web\node_modules\react-dom\cjs\react-dom-server.browser.production.min.js:74:209)
    at Z (F:\My Files\STITCH\lUMINIA 
FOODS\apps\web\node_modules\react-dom\cjs\react-dom-server.browser.production.min.js:76:89)
    at Zc (F:\My Files\STITCH\lUMINIA 
FOODS\apps\web\node_modules\react-dom\cjs\react-dom-server.browser.production.min.js:74:209)
TypeError: Cannot read properties of null (reading 'useContext')
    at exports.useContext (F:\My Files\STITCH\lUMINIA FOODS\node_modules\react\cjs\react.production.min.js:24:118)
    at StyleRegistry (F:\My Files\STITCH\lUMINIA FOODS\node_modules\styled-jsx\dist\index\index.js:450:30)
    at Wc (F:\My Files\STITCH\lUMINIA 
FOODS\apps\web\node_modules\react-dom\cjs\react-dom-server.browser.production.min.js:68:44)
    at Zc (F:\My Files\STITCH\lUMINIA 
FOODS\apps\web\node_modules\react-dom\cjs\react-dom-server.browser.production.min.js:70:253)
    at Z (F:\My Files\STITCH\lUMINIA 
FOODS\apps\web\node_modules\react-dom\cjs\react-dom-server.browser.production.min.js:76:89)
    at Zc (F:\My Files\STITCH\lUMINIA 
FOODS\apps\web\node_modules\react-dom\cjs\react-dom-server.browser.production.min.js:74:209)
    at Z (F:\My Files\STITCH\lUMINIA 
FOODS\apps\web\node_modules\react-dom\cjs\react-dom-server.browser.production.min.js:76:89)
    at Zc (F:\My Files\STITCH\lUMINIA 
FOODS\apps\web\node_modules\react-dom\cjs\react-dom-server.browser.production.min.js:74:209)
    at Z (F:\My Files\STITCH\lUMINIA 
FOODS\apps\web\node_modules\react-dom\cjs\react-dom-server.browser.production.min.js:76:89)
    at Zc (F:\My Files\STITCH\lUMINIA 
FOODS\apps\web\node_modules\react-dom\cjs\react-dom-server.browser.production.min.js:74:209)

Error occurred prerendering page "/menu-dashboard". Read more: https://nextjs.org/docs/messages/prerender-error

TypeError: Cannot read properties of null (reading 'useContext')
    at exports.useContext (F:\My Files\STITCH\lUMINIA FOODS\node_modules\react\cjs\react.production.min.js:24:118)
    at StyleRegistry (F:\My Files\STITCH\lUMINIA FOODS\node_modules\styled-jsx\dist\index\index.js:450:30)
    at Wc (F:\My Files\STITCH\lUMINIA 
FOODS\apps\web\node_modules\react-dom\cjs\react-dom-server.browser.production.min.js:68:44)
    at Zc (F:\My Files\STITCH\lUMINIA 
FOODS\apps\web\node_modules\react-dom\cjs\react-dom-server.browser.production.min.js:70:253)
    at Z (F:\My Files\STITCH\lUMINIA 
FOODS\apps\web\node_modules\react-dom\cjs\react-dom-server.browser.production.min.js:76:89)
    at Zc (F:\My Files\STITCH\lUMINIA 
FOODS\apps\web\node_modules\react-dom\cjs\react-dom-server.browser.production.min.js:74:209)
    at Z (F:\My Files\STITCH\lUMINIA 
FOODS\apps\web\node_modules\react-dom\cjs\react-dom-server.browser.production.min.js:76:89)
    at Zc (F:\My Files\STITCH\lUMINIA 
FOODS\apps\web\node_modules\react-dom\cjs\react-dom-server.browser.production.min.js:74:209)
    at Z (F:\My Files\STITCH\lUMINIA 
FOODS\apps\web\node_modules\react-dom\cjs\react-dom-server.browser.production.min.js:76:89)
    at Zc (F:\My Files\STITCH\lUMINIA 
FOODS\apps\web\node_modules\react-dom\cjs\react-dom-server.browser.production.min.js:74:209)
   Generating static pages (5/20) 
TypeError: Cannot read properties of null (reading 'useContext')
    at exports.useContext (F:\My Files\STITCH\lUMINIA FOODS\node_modules\react\cjs\react.production.min.js:24:118)
    at StyleRegistry (F:\My Files\STITCH\lUMINIA FOODS\node_modules\styled-jsx\dist\index\index.js:450:30)
    at Wc (F:\My Files\STITCH\lUMINIA 
FOODS\apps\web\node_modules\react-dom\cjs\react-dom-server.browser.production.min.js:68:44)
    at Zc (F:\My Files\STITCH\lUMINIA 
FOODS\apps\web\node_modules\react-dom\cjs\react-dom-server.browser.production.min.js:70:253)
    at Z (F:\My Files\STITCH\lUMINIA 
FOODS\apps\web\node_modules\react-dom\cjs\react-dom-server.browser.production.min.js:76:89)
    at Zc (F:\My Files\STITCH\lUMINIA 
FOODS\apps\web\node_modules\react-dom\cjs\react-dom-server.browser.production.min.js:74:209)
    at Z (F:\My Files\STITCH\lUMINIA 
FOODS\apps\web\node_modules\react-dom\cjs\react-dom-server.browser.production.min.js:76:89)
    at Zc (F:\My Files\STITCH\lUMINIA 
FOODS\apps\web\node_modules\react-dom\cjs\react-dom-server.browser.production.min.js:74:209)
    at Z (F:\My Files\STITCH\lUMINIA 
FOODS\apps\web\node_modules\react-dom\cjs\react-dom-server.browser.production.min.js:76:89)
    at Zc (F:\My Files\STITCH\lUMINIA 
FOODS\apps\web\node_modules\react-dom\cjs\react-dom-server.browser.production.min.js:74:209)

Error occurred prerendering page "/luxury-offers". Read more: https://nextjs.org/docs/messages/prerender-error

TypeError: Cannot read properties of null (reading 'useContext')
    at exports.useContext (F:\My Files\STITCH\lUMINIA FOODS\node_modules\react\cjs\react.production.min.js:24:118)
    at StyleRegistry (F:\My Files\STITCH\lUMINIA FOODS\node_modules\styled-jsx\dist\index\index.js:450:30)
    at Wc (F:\My Files\STITCH\lUMINIA 
FOODS\apps\web\node_modules\react-dom\cjs\react-dom-server.browser.production.min.js:68:44)
    at Zc (F:\My Files\STITCH\lUMINIA 
FOODS\apps\web\node_modules\react-dom\cjs\react-dom-server.browser.production.min.js:70:253)
    at Z (F:\My Files\STITCH\lUMINIA 
FOODS\apps\web\node_modules\react-dom\cjs\react-dom-server.browser.production.min.js:76:89)
    at Zc (F:\My Files\STITCH\lUMINIA 
FOODS\apps\web\node_modules\react-dom\cjs\react-dom-server.browser.production.min.js:74:209)
    at Z (F:\My Files\STITCH\lUMINIA 
FOODS\apps\web\node_modules\react-dom\cjs\react-dom-server.browser.production.min.js:76:89)
    at Zc (F:\My Files\STITCH\lUMINIA 
FOODS\apps\web\node_modules\react-dom\cjs\react-dom-server.browser.production.min.js:74:209)
    at Z (F:\My Files\STITCH\lUMINIA 
FOODS\apps\web\node_modules\react-dom\cjs\react-dom-server.browser.production.min.js:76:89)
    at Zc (F:\My Files\STITCH\lUMINIA 
FOODS\apps\web\node_modules\react-dom\cjs\react-dom-server.browser.production.min.js:74:209)
TypeError: Cannot read properties of null (reading 'useContext')
    at exports.useContext (F:\My Files\STITCH\lUMINIA FOODS\node_modules\react\cjs\react.production.min.js:24:118)
    at StyleRegistry (F:\My Files\STITCH\lUMINIA FOODS\node_modules\styled-jsx\dist\index\index.js:450:30)
    at Wc (F:\My Files\STITCH\lUMINIA 
FOODS\apps\web\node_modules\react-dom\cjs\react-dom-server.browser.production.min.js:68:44)
    at Zc (F:\My Files\STITCH\lUMINIA 
FOODS\apps\web\node_modules\react-dom\cjs\react-dom-server.browser.production.min.js:70:253)
    at Z (F:\My Files\STITCH\lUMINIA 
FOODS\apps\web\node_modules\react-dom\cjs\react-dom-server.browser.production.min.js:76:89)
    at Zc (F:\My Files\STITCH\lUMINIA 
FOODS\apps\web\node_modules\react-dom\cjs\react-dom-server.browser.production.min.js:74:209)
    at Z (F:\My Files\STITCH\lUMINIA 
FOODS\apps\web\node_modules\react-dom\cjs\react-dom-server.browser.production.min.js:76:89)
    at Zc (F:\My Files\STITCH\lUMINIA 
FOODS\apps\web\node_modules\react-dom\cjs\react-dom-server.browser.production.min.js:74:209)
    at Z (F:\My Files\STITCH\lUMINIA 
FOODS\apps\web\node_modules\react-dom\cjs\react-dom-server.browser.production.min.js:76:89)
    at Zc (F:\My Files\STITCH\lUMINIA 
FOODS\apps\web\node_modules\react-dom\cjs\react-dom-server.browser.production.min.js:74:209)

Error occurred prerendering page "/checkout". Read more: https://nextjs.org/docs/messages/prerender-error

TypeError: Cannot read properties of null (reading 'useContext')
    at exports.useContext (F:\My Files\STITCH\lUMINIA FOODS\node_modules\react\cjs\react.production.min.js:24:118)
    at StyleRegistry (F:\My Files\STITCH\lUMINIA FOODS\node_modules\styled-jsx\dist\index\index.js:450:30)
    at Wc (F:\My Files\STITCH\lUMINIA 
FOODS\apps\web\node_modules\react-dom\cjs\react-dom-server.browser.production.min.js:68:44)
    at Zc (F:\My Files\STITCH\lUMINIA 
FOODS\apps\web\node_modules\react-dom\cjs\react-dom-server.browser.production.min.js:70:253)
    at Z (F:\My Files\STITCH\lUMINIA 
FOODS\apps\web\node_modules\react-dom\cjs\react-dom-server.browser.production.min.js:76:89)
    at Zc (F:\My Files\STITCH\lUMINIA 
FOODS\apps\web\node_modules\react-dom\cjs\react-dom-server.browser.production.min.js:74:209)
    at Z (F:\My Files\STITCH\lUMINIA 
FOODS\apps\web\node_modules\react-dom\cjs\react-dom-server.browser.production.min.js:76:89)
    at Zc (F:\My Files\STITCH\lUMINIA 
FOODS\apps\web\node_modules\react-dom\cjs\react-dom-server.browser.production.min.js:74:209)
    at Z (F:\My Files\STITCH\lUMINIA 
FOODS\apps\web\node_modules\react-dom\cjs\react-dom-server.browser.production.min.js:76:89)
    at Zc (F:\My Files\STITCH\lUMINIA 
FOODS\apps\web\node_modules\react-dom\cjs\react-dom-server.browser.production.min.js:74:209)
TypeError: Cannot read properties of null (reading 'useContext')
    at exports.useContext (F:\My Files\STITCH\lUMINIA FOODS\node_modules\react\cjs\react.production.min.js:24:118)
    at StyleRegistry (F:\My Files\STITCH\lUMINIA FOODS\node_modules\styled-jsx\dist\index\index.js:450:30)
    at Wc (F:\My Files\STITCH\lUMINIA 
FOODS\apps\web\node_modules\react-dom\cjs\react-dom-server.browser.production.min.js:68:44)
    at Zc (F:\My Files\STITCH\lUMINIA 
FOODS\apps\web\node_modules\react-dom\cjs\react-dom-server.browser.production.min.js:70:253)
    at Z (F:\My Files\STITCH\lUMINIA 
FOODS\apps\web\node_modules\react-dom\cjs\react-dom-server.browser.production.min.js:76:89)
    at Zc (F:\My Files\STITCH\lUMINIA 
FOODS\apps\web\node_modules\react-dom\cjs\react-dom-server.browser.production.min.js:74:209)
    at Z (F:\My Files\STITCH\lUMINIA 
FOODS\apps\web\node_modules\react-dom\cjs\react-dom-server.browser.production.min.js:76:89)
    at Zc (F:\My Files\STITCH\lUMINIA 
FOODS\apps\web\node_modules\react-dom\cjs\react-dom-server.browser.production.min.js:74:209)
    at Z (F:\My Files\STITCH\lUMINIA 
FOODS\apps\web\node_modules\react-dom\cjs\react-dom-server.browser.production.min.js:76:89)
    at Zc (F:\My Files\STITCH\lUMINIA 
FOODS\apps\web\node_modules\react-dom\cjs\react-dom-server.browser.production.min.js:74:209)

Error occurred prerendering page "/catering-dynamic". Read more: https://nextjs.org/docs/messages/prerender-error

TypeError: Cannot read properties of null (reading 'useContext')
    at exports.useContext (F:\My Files\STITCH\lUMINIA FOODS\node_modules\react\cjs\react.production.min.js:24:118)
    at StyleRegistry (F:\My Files\STITCH\lUMINIA FOODS\node_modules\styled-jsx\dist\index\index.js:450:30)
    at Wc (F:\My Files\STITCH\lUMINIA 
FOODS\apps\web\node_modules\react-dom\cjs\react-dom-server.browser.production.min.js:68:44)
    at Zc (F:\My Files\STITCH\lUMINIA 
FOODS\apps\web\node_modules\react-dom\cjs\react-dom-server.browser.production.min.js:70:253)
    at Z (F:\My Files\STITCH\lUMINIA 
FOODS\apps\web\node_modules\react-dom\cjs\react-dom-server.browser.production.min.js:76:89)
    at Zc (F:\My Files\STITCH\lUMINIA 
FOODS\apps\web\node_modules\react-dom\cjs\react-dom-server.browser.production.min.js:74:209)
    at Z (F:\My Files\STITCH\lUMINIA 
FOODS\apps\web\node_modules\react-dom\cjs\react-dom-server.browser.production.min.js:76:89)
    at Zc (F:\My Files\STITCH\lUMINIA 
FOODS\apps\web\node_modules\react-dom\cjs\react-dom-server.browser.production.min.js:74:209)
    at Z (F:\My Files\STITCH\lUMINIA 
FOODS\apps\web\node_modules\react-dom\cjs\react-dom-server.browser.production.min.js:76:89)
    at Zc (F:\My Files\STITCH\lUMINIA 
FOODS\apps\web\node_modules\react-dom\cjs\react-dom-server.browser.production.min.js:74:209)
TypeError: Cannot read properties of null (reading 'useContext')
    at exports.useContext (F:\My Files\STITCH\lUMINIA FOODS\node_modules\react\cjs\react.production.min.js:24:118)
    at StyleRegistry (F:\My Files\STITCH\lUMINIA FOODS\node_modules\styled-jsx\dist\index\index.js:450:30)
    at Wc (F:\My Files\STITCH\lUMINIA 
FOODS\apps\web\node_modules\react-dom\cjs\react-dom-server.browser.production.min.js:68:44)
    at Zc (F:\My Files\STITCH\lUMINIA 
FOODS\apps\web\node_modules\react-dom\cjs\react-dom-server.browser.production.min.js:70:253)
    at Z (F:\My Files\STITCH\lUMINIA 
FOODS\apps\web\node_modules\react-dom\cjs\react-dom-server.browser.production.min.js:76:89)
    at Zc (F:\My Files\STITCH\lUMINIA 
FOODS\apps\web\node_modules\react-dom\cjs\react-dom-server.browser.production.min.js:74:209)
    at Z (F:\My Files\STITCH\lUMINIA 
FOODS\apps\web\node_modules\react-dom\cjs\react-dom-server.browser.production.min.js:76:89)
    at Zc (F:\My Files\STITCH\lUMINIA 
FOODS\apps\web\node_modules\react-dom\cjs\react-dom-server.browser.production.min.js:74:209)
    at Z (F:\My Files\STITCH\lUMINIA 
FOODS\apps\web\node_modules\react-dom\cjs\react-dom-server.browser.production.min.js:76:89)
    at Zc (F:\My Files\STITCH\lUMINIA 
FOODS\apps\web\node_modules\react-dom\cjs\react-dom-server.browser.production.min.js:74:209)

Error occurred prerendering page "/order-confirmation". Read more: https://nextjs.org/docs/messages/prerender-error

TypeError: Cannot read properties of null (reading 'useContext')
    at exports.useContext (F:\My Files\STITCH\lUMINIA FOODS\node_modules\react\cjs\react.production.min.js:24:118)
    at StyleRegistry (F:\My Files\STITCH\lUMINIA FOODS\node_modules\styled-jsx\dist\index\index.js:450:30)
    at Wc (F:\My Files\STITCH\lUMINIA 
FOODS\apps\web\node_modules\react-dom\cjs\react-dom-server.browser.production.min.js:68:44)
    at Zc (F:\My Files\STITCH\lUMINIA 
FOODS\apps\web\node_modules\react-dom\cjs\react-dom-server.browser.production.min.js:70:253)
    at Z (F:\My Files\STITCH\lUMINIA 
FOODS\apps\web\node_modules\react-dom\cjs\react-dom-server.browser.production.min.js:76:89)
    at Zc (F:\My Files\STITCH\lUMINIA 
FOODS\apps\web\node_modules\react-dom\cjs\react-dom-server.browser.production.min.js:74:209)
    at Z (F:\My Files\STITCH\lUMINIA 
FOODS\apps\web\node_modules\react-dom\cjs\react-dom-server.browser.production.min.js:76:89)
    at Zc (F:\My Files\STITCH\lUMINIA 
FOODS\apps\web\node_modules\react-dom\cjs\react-dom-server.browser.production.min.js:74:209)
    at Z (F:\My Files\STITCH\lUMINIA 
FOODS\apps\web\node_modules\react-dom\cjs\react-dom-server.browser.production.min.js:76:89)
    at Zc (F:\My Files\STITCH\lUMINIA 
FOODS\apps\web\node_modules\react-dom\cjs\react-dom-server.browser.production.min.js:74:209)
TypeError: Cannot read properties of null (reading 'useContext')
    at exports.useContext (F:\My Files\STITCH\lUMINIA FOODS\node_modules\react\cjs\react.production.min.js:24:118)
    at StyleRegistry (F:\My Files\STITCH\lUMINIA FOODS\node_modules\styled-jsx\dist\index\index.js:450:30)
    at Wc (F:\My Files\STITCH\lUMINIA 
FOODS\apps\web\node_modules\react-dom\cjs\react-dom-server.browser.production.min.js:68:44)
    at Zc (F:\My Files\STITCH\lUMINIA 
FOODS\apps\web\node_modules\react-dom\cjs\react-dom-server.browser.production.min.js:70:253)
    at Z (F:\My Files\STITCH\lUMINIA 
FOODS\apps\web\node_modules\react-dom\cjs\react-dom-server.browser.production.min.js:76:89)
    at Zc (F:\My Files\STITCH\lUMINIA 
FOODS\apps\web\node_modules\react-dom\cjs\react-dom-server.browser.production.min.js:74:209)
    at Z (F:\My Files\STITCH\lUMINIA 
FOODS\apps\web\node_modules\react-dom\cjs\react-dom-server.browser.production.min.js:76:89)
    at Zc (F:\My Files\STITCH\lUMINIA 
FOODS\apps\web\node_modules\react-dom\cjs\react-dom-server.browser.production.min.js:74:209)
    at Z (F:\My Files\STITCH\lUMINIA 
FOODS\apps\web\node_modules\react-dom\cjs\react-dom-server.browser.production.min.js:76:89)
    at Zc (F:\My Files\STITCH\lUMINIA 
FOODS\apps\web\node_modules\react-dom\cjs\react-dom-server.browser.production.min.js:74:209)

Error occurred prerendering page "/my-profile". Read more: https://nextjs.org/docs/messages/prerender-error

TypeError: Cannot read properties of null (reading 'useContext')
    at exports.useContext (F:\My Files\STITCH\lUMINIA FOODS\node_modules\react\cjs\react.production.min.js:24:118)
    at StyleRegistry (F:\My Files\STITCH\lUMINIA FOODS\node_modules\styled-jsx\dist\index\index.js:450:30)
    at Wc (F:\My Files\STITCH\lUMINIA 
FOODS\apps\web\node_modules\react-dom\cjs\react-dom-server.browser.production.min.js:68:44)
    at Zc (F:\My Files\STITCH\lUMINIA 
FOODS\apps\web\node_modules\react-dom\cjs\react-dom-server.browser.production.min.js:70:253)
    at Z (F:\My Files\STITCH\lUMINIA 
FOODS\apps\web\node_modules\react-dom\cjs\react-dom-server.browser.production.min.js:76:89)
    at Zc (F:\My Files\STITCH\lUMINIA 
FOODS\apps\web\node_modules\react-dom\cjs\react-dom-server.browser.production.min.js:74:209)
    at Z (F:\My Files\STITCH\lUMINIA 
FOODS\apps\web\node_modules\react-dom\cjs\react-dom-server.browser.production.min.js:76:89)
    at Zc (F:\My Files\STITCH\lUMINIA 
FOODS\apps\web\node_modules\react-dom\cjs\react-dom-server.browser.production.min.js:74:209)
    at Z (F:\My Files\STITCH\lUMINIA 
FOODS\apps\web\node_modules\react-dom\cjs\react-dom-server.browser.production.min.js:76:89)
    at Zc (F:\My Files\STITCH\lUMINIA 
FOODS\apps\web\node_modules\react-dom\cjs\react-dom-server.browser.production.min.js:74:209)
TypeError: Cannot read properties of null (reading 'useContext')
    at exports.useContext (F:\My Files\STITCH\lUMINIA FOODS\node_modules\react\cjs\react.production.min.js:24:118)
    at StyleRegistry (F:\My Files\STITCH\lUMINIA FOODS\node_modules\styled-jsx\dist\index\index.js:450:30)
    at Wc (F:\My Files\STITCH\lUMINIA 
FOODS\apps\web\node_modules\react-dom\cjs\react-dom-server.browser.production.min.js:68:44)
   Generating static pages (10/20) 
    at Zc (F:\My Files\STITCH\lUMINIA 
FOODS\apps\web\node_modules\react-dom\cjs\react-dom-server.browser.production.min.js:70:253)
    at Z (F:\My Files\STITCH\lUMINIA 
FOODS\apps\web\node_modules\react-dom\cjs\react-dom-server.browser.production.min.js:76:89)
    at Zc (F:\My Files\STITCH\lUMINIA 
FOODS\apps\web\node_modules\react-dom\cjs\react-dom-server.browser.production.min.js:74:209)
    at Z (F:\My Files\STITCH\lUMINIA 
FOODS\apps\web\node_modules\react-dom\cjs\react-dom-server.browser.production.min.js:76:89)
    at Zc (F:\My Files\STITCH\lUMINIA 
FOODS\apps\web\node_modules\react-dom\cjs\react-dom-server.browser.production.min.js:74:209)
    at Z (F:\My Files\STITCH\lUMINIA 
FOODS\apps\web\node_modules\react-dom\cjs\react-dom-server.browser.production.min.js:76:89)
    at Zc (F:\My Files\STITCH\lUMINIA 
FOODS\apps\web\node_modules\react-dom\cjs\react-dom-server.browser.production.min.js:74:209)

Error occurred prerendering page "/order-tracking". Read more: https://nextjs.org/docs/messages/prerender-error

TypeError: Cannot read properties of null (reading 'useContext')
    at exports.useContext (F:\My Files\STITCH\lUMINIA FOODS\node_modules\react\cjs\react.production.min.js:24:118)
    at StyleRegistry (F:\My Files\STITCH\lUMINIA FOODS\node_modules\styled-jsx\dist\index\index.js:450:30)
    at Wc (F:\My Files\STITCH\lUMINIA 
FOODS\apps\web\node_modules\react-dom\cjs\react-dom-server.browser.production.min.js:68:44)
    at Zc (F:\My Files\STITCH\lUMINIA 
FOODS\apps\web\node_modules\react-dom\cjs\react-dom-server.browser.production.min.js:70:253)
    at Z (F:\My Files\STITCH\lUMINIA 
FOODS\apps\web\node_modules\react-dom\cjs\react-dom-server.browser.production.min.js:76:89)
    at Zc (F:\My Files\STITCH\lUMINIA 
FOODS\apps\web\node_modules\react-dom\cjs\react-dom-server.browser.production.min.js:74:209)
    at Z (F:\My Files\STITCH\lUMINIA 
FOODS\apps\web\node_modules\react-dom\cjs\react-dom-server.browser.production.min.js:76:89)
    at Zc (F:\My Files\STITCH\lUMINIA 
FOODS\apps\web\node_modules\react-dom\cjs\react-dom-server.browser.production.min.js:74:209)
    at Z (F:\My Files\STITCH\lUMINIA 
FOODS\apps\web\node_modules\react-dom\cjs\react-dom-server.browser.production.min.js:76:89)
    at Zc (F:\My Files\STITCH\lUMINIA 
FOODS\apps\web\node_modules\react-dom\cjs\react-dom-server.browser.production.min.js:74:209)
TypeError: Cannot read properties of null (reading 'useContext')
    at exports.useContext (F:\My Files\STITCH\lUMINIA FOODS\node_modules\react\cjs\react.production.min.js:24:118)
    at StyleRegistry (F:\My Files\STITCH\lUMINIA FOODS\node_modules\styled-jsx\dist\index\index.js:450:30)
    at Wc (F:\My Files\STITCH\lUMINIA 
FOODS\apps\web\node_modules\react-dom\cjs\react-dom-server.browser.production.min.js:68:44)
    at Zc (F:\My Files\STITCH\lUMINIA 
FOODS\apps\web\node_modules\react-dom\cjs\react-dom-server.browser.production.min.js:70:253)
    at Z (F:\My Files\STITCH\lUMINIA 
FOODS\apps\web\node_modules\react-dom\cjs\react-dom-server.browser.production.min.js:76:89)
    at Zc (F:\My Files\STITCH\lUMINIA 
FOODS\apps\web\node_modules\react-dom\cjs\react-dom-server.browser.production.min.js:74:209)
    at Z (F:\My Files\STITCH\lUMINIA 
FOODS\apps\web\node_modules\react-dom\cjs\react-dom-server.browser.production.min.js:76:89)
    at Zc (F:\My Files\STITCH\lUMINIA 
FOODS\apps\web\node_modules\react-dom\cjs\react-dom-server.browser.production.min.js:74:209)
    at Z (F:\My Files\STITCH\lUMINIA 
FOODS\apps\web\node_modules\react-dom\cjs\react-dom-server.browser.production.min.js:76:89)
    at Zc (F:\My Files\STITCH\lUMINIA 
FOODS\apps\web\node_modules\react-dom\cjs\react-dom-server.browser.production.min.js:74:209)

Error occurred prerendering page "/tracking". Read more: https://nextjs.org/docs/messages/prerender-error

TypeError: Cannot read properties of null (reading 'useContext')
    at exports.useContext (F:\My Files\STITCH\lUMINIA FOODS\node_modules\react\cjs\react.production.min.js:24:118)
    at StyleRegistry (F:\My Files\STITCH\lUMINIA FOODS\node_modules\styled-jsx\dist\index\index.js:450:30)
    at Wc (F:\My Files\STITCH\lUMINIA 
FOODS\apps\web\node_modules\react-dom\cjs\react-dom-server.browser.production.min.js:68:44)
    at Zc (F:\My Files\STITCH\lUMINIA 
FOODS\apps\web\node_modules\react-dom\cjs\react-dom-server.browser.production.min.js:70:253)
    at Z (F:\My Files\STITCH\lUMINIA 
FOODS\apps\web\node_modules\react-dom\cjs\react-dom-server.browser.production.min.js:76:89)
    at Zc (F:\My Files\STITCH\lUMINIA 
FOODS\apps\web\node_modules\react-dom\cjs\react-dom-server.browser.production.min.js:74:209)
    at Z (F:\My Files\STITCH\lUMINIA 
FOODS\apps\web\node_modules\react-dom\cjs\react-dom-server.browser.production.min.js:76:89)
    at Zc (F:\My Files\STITCH\lUMINIA 
FOODS\apps\web\node_modules\react-dom\cjs\react-dom-server.browser.production.min.js:74:209)
    at Z (F:\My Files\STITCH\lUMINIA 
FOODS\apps\web\node_modules\react-dom\cjs\react-dom-server.browser.production.min.js:76:89)
    at Zc (F:\My Files\STITCH\lUMINIA 
FOODS\apps\web\node_modules\react-dom\cjs\react-dom-server.browser.production.min.js:74:209)
TypeError: Cannot read properties of null (reading 'useContext')
    at exports.useContext (F:\My Files\STITCH\lUMINIA FOODS\node_modules\react\cjs\react.production.min.js:24:118)
    at StyleRegistry (F:\My Files\STITCH\lUMINIA FOODS\node_modules\styled-jsx\dist\index\index.js:450:30)
    at Wc (F:\My Files\STITCH\lUMINIA 
FOODS\apps\web\node_modules\react-dom\cjs\react-dom-server.browser.production.min.js:68:44)
    at Zc (F:\My Files\STITCH\lUMINIA 
FOODS\apps\web\node_modules\react-dom\cjs\react-dom-server.browser.production.min.js:70:253)
    at Z (F:\My Files\STITCH\lUMINIA 
FOODS\apps\web\node_modules\react-dom\cjs\react-dom-server.browser.production.min.js:76:89)
    at Zc (F:\My Files\STITCH\lUMINIA 
FOODS\apps\web\node_modules\react-dom\cjs\react-dom-server.browser.production.min.js:74:209)
    at Z (F:\My Files\STITCH\lUMINIA 
FOODS\apps\web\node_modules\react-dom\cjs\react-dom-server.browser.production.min.js:76:89)
    at Zc (F:\My Files\STITCH\lUMINIA 
FOODS\apps\web\node_modules\react-dom\cjs\react-dom-server.browser.production.min.js:74:209)
    at Z (F:\My Files\STITCH\lUMINIA 
FOODS\apps\web\node_modules\react-dom\cjs\react-dom-server.browser.production.min.js:76:89)
    at Zc (F:\My Files\STITCH\lUMINIA 
FOODS\apps\web\node_modules\react-dom\cjs\react-dom-server.browser.production.min.js:74:209)

Error occurred prerendering page "/locations". Read more: https://nextjs.org/docs/messages/prerender-error

TypeError: Cannot read properties of null (reading 'useContext')
    at exports.useContext (F:\My Files\STITCH\lUMINIA FOODS\node_modules\react\cjs\react.production.min.js:24:118)
    at StyleRegistry (F:\My Files\STITCH\lUMINIA FOODS\node_modules\styled-jsx\dist\index\index.js:450:30)
    at Wc (F:\My Files\STITCH\lUMINIA 
FOODS\apps\web\node_modules\react-dom\cjs\react-dom-server.browser.production.min.js:68:44)
    at Zc (F:\My Files\STITCH\lUMINIA 
FOODS\apps\web\node_modules\react-dom\cjs\react-dom-server.browser.production.min.js:70:253)
    at Z (F:\My Files\STITCH\lUMINIA 
FOODS\apps\web\node_modules\react-dom\cjs\react-dom-server.browser.production.min.js:76:89)
    at Zc (F:\My Files\STITCH\lUMINIA 
FOODS\apps\web\node_modules\react-dom\cjs\react-dom-server.browser.production.min.js:74:209)
    at Z (F:\My Files\STITCH\lUMINIA 
FOODS\apps\web\node_modules\react-dom\cjs\react-dom-server.browser.production.min.js:76:89)
    at Zc (F:\My Files\STITCH\lUMINIA 
FOODS\apps\web\node_modules\react-dom\cjs\react-dom-server.browser.production.min.js:74:209)
    at Z (F:\My Files\STITCH\lUMINIA 
FOODS\apps\web\node_modules\react-dom\cjs\react-dom-server.browser.production.min.js:76:89)
    at Zc (F:\My Files\STITCH\lUMINIA 
FOODS\apps\web\node_modules\react-dom\cjs\react-dom-server.browser.production.min.js:74:209)
TypeError: Cannot read properties of null (reading 'useContext')
    at exports.useContext (F:\My Files\STITCH\lUMINIA FOODS\node_modules\react\cjs\react.production.min.js:24:118)
    at StyleRegistry (F:\My Files\STITCH\lUMINIA FOODS\node_modules\styled-jsx\dist\index\index.js:450:30)
    at Wc (F:\My Files\STITCH\lUMINIA 
FOODS\apps\web\node_modules\react-dom\cjs\react-dom-server.browser.production.min.js:68:44)
    at Zc (F:\My Files\STITCH\lUMINIA 
FOODS\apps\web\node_modules\react-dom\cjs\react-dom-server.browser.production.min.js:70:253)
    at Z (F:\My Files\STITCH\lUMINIA 
FOODS\apps\web\node_modules\react-dom\cjs\react-dom-server.browser.production.min.js:76:89)
    at Zc (F:\My Files\STITCH\lUMINIA 
FOODS\apps\web\node_modules\react-dom\cjs\react-dom-server.browser.production.min.js:74:209)
    at Z (F:\My Files\STITCH\lUMINIA 
FOODS\apps\web\node_modules\react-dom\cjs\react-dom-server.browser.production.min.js:76:89)
    at Zc (F:\My Files\STITCH\lUMINIA 
FOODS\apps\web\node_modules\react-dom\cjs\react-dom-server.browser.production.min.js:74:209)
    at Z (F:\My Files\STITCH\lUMINIA 
FOODS\apps\web\node_modules\react-dom\cjs\react-dom-server.browser.production.min.js:76:89)
    at Zc (F:\My Files\STITCH\lUMINIA 
FOODS\apps\web\node_modules\react-dom\cjs\react-dom-server.browser.production.min.js:74:209)

Error occurred prerendering page "/catering". Read more: https://nextjs.org/docs/messages/prerender-error

TypeError: Cannot read properties of null (reading 'useContext')
    at exports.useContext (F:\My Files\STITCH\lUMINIA FOODS\node_modules\react\cjs\react.production.min.js:24:118)
    at StyleRegistry (F:\My Files\STITCH\lUMINIA FOODS\node_modules\styled-jsx\dist\index\index.js:450:30)
    at Wc (F:\My Files\STITCH\lUMINIA 
FOODS\apps\web\node_modules\react-dom\cjs\react-dom-server.browser.production.min.js:68:44)
    at Zc (F:\My Files\STITCH\lUMINIA 
FOODS\apps\web\node_modules\react-dom\cjs\react-dom-server.browser.production.min.js:70:253)
    at Z (F:\My Files\STITCH\lUMINIA 
FOODS\apps\web\node_modules\react-dom\cjs\react-dom-server.browser.production.min.js:76:89)
    at Zc (F:\My Files\STITCH\lUMINIA 
FOODS\apps\web\node_modules\react-dom\cjs\react-dom-server.browser.production.min.js:74:209)
    at Z (F:\My Files\STITCH\lUMINIA 
FOODS\apps\web\node_modules\react-dom\cjs\react-dom-server.browser.production.min.js:76:89)
    at Zc (F:\My Files\STITCH\lUMINIA 
FOODS\apps\web\node_modules\react-dom\cjs\react-dom-server.browser.production.min.js:74:209)
    at Z (F:\My Files\STITCH\lUMINIA 
FOODS\apps\web\node_modules\react-dom\cjs\react-dom-server.browser.production.min.js:76:89)
    at Zc (F:\My Files\STITCH\lUMINIA 
FOODS\apps\web\node_modules\react-dom\cjs\react-dom-server.browser.production.min.js:74:209)
TypeError: Cannot read properties of null (reading 'useContext')
    at exports.useContext (F:\My Files\STITCH\lUMINIA FOODS\node_modules\react\cjs\react.production.min.js:24:118)
    at StyleRegistry (F:\My Files\STITCH\lUMINIA FOODS\node_modules\styled-jsx\dist\index\index.js:450:30)
    at Wc (F:\My Files\STITCH\lUMINIA 
FOODS\apps\web\node_modules\react-dom\cjs\react-dom-server.browser.production.min.js:68:44)
    at Zc (F:\My Files\STITCH\lUMINIA 
FOODS\apps\web\node_modules\react-dom\cjs\react-dom-server.browser.production.min.js:70:253)
    at Z (F:\My Files\STITCH\lUMINIA 
FOODS\apps\web\node_modules\react-dom\cjs\react-dom-server.browser.production.min.js:76:89)
    at Zc (F:\My Files\STITCH\lUMINIA 
FOODS\apps\web\node_modules\react-dom\cjs\react-dom-server.browser.production.min.js:74:209)
    at Z (F:\My Files\STITCH\lUMINIA 
FOODS\apps\web\node_modules\react-dom\cjs\react-dom-server.browser.production.min.js:76:89)
    at Zc (F:\My Files\STITCH\lUMINIA 
FOODS\apps\web\node_modules\react-dom\cjs\react-dom-server.browser.production.min.js:74:209)
    at Z (F:\My Files\STITCH\lUMINIA 
FOODS\apps\web\node_modules\react-dom\cjs\react-dom-server.browser.production.min.js:76:89)
    at Zc (F:\My Files\STITCH\lUMINIA 
FOODS\apps\web\node_modules\react-dom\cjs\react-dom-server.browser.production.min.js:74:209)

Error occurred prerendering page "/home". Read more: https://nextjs.org/docs/messages/prerender-error

TypeError: Cannot read properties of null (reading 'useContext')
    at exports.useContext (F:\My Files\STITCH\lUMINIA FOODS\node_modules\react\cjs\react.production.min.js:24:118)
    at StyleRegistry (F:\My Files\STITCH\lUMINIA FOODS\node_modules\styled-jsx\dist\index\index.js:450:30)
    at Wc (F:\My Files\STITCH\lUMINIA 
FOODS\apps\web\node_modules\react-dom\cjs\react-dom-server.browser.production.min.js:68:44)
    at Zc (F:\My Files\STITCH\lUMINIA 
FOODS\apps\web\node_modules\react-dom\cjs\react-dom-server.browser.production.min.js:70:253)
    at Z (F:\My Files\STITCH\lUMINIA 
FOODS\apps\web\node_modules\react-dom\cjs\react-dom-server.browser.production.min.js:76:89)
    at Zc (F:\My Files\STITCH\lUMINIA 
FOODS\apps\web\node_modules\react-dom\cjs\react-dom-server.browser.production.min.js:74:209)
    at Z (F:\My Files\STITCH\lUMINIA 
FOODS\apps\web\node_modules\react-dom\cjs\react-dom-server.browser.production.min.js:76:89)
    at Zc (F:\My Files\STITCH\lUMINIA 
FOODS\apps\web\node_modules\react-dom\cjs\react-dom-server.browser.production.min.js:74:209)
    at Z (F:\My Files\STITCH\lUMINIA 
FOODS\apps\web\node_modules\react-dom\cjs\react-dom-server.browser.production.min.js:76:89)
    at Zc (F:\My Files\STITCH\lUMINIA 
FOODS\apps\web\node_modules\react-dom\cjs\react-dom-server.browser.production.min.js:74:209)
TypeError: Cannot read properties of null (reading 'useContext')
    at exports.useContext (F:\My Files\STITCH\lUMINIA FOODS\node_modules\react\cjs\react.production.min.js:24:118)
    at StyleRegistry (F:\My Files\STITCH\lUMINIA FOODS\node_modules\styled-jsx\dist\index\index.js:450:30)
    at Wc (F:\My Files\STITCH\lUMINIA 
FOODS\apps\web\node_modules\react-dom\cjs\react-dom-server.browser.production.min.js:68:44)
    at Zc (F:\My Files\STITCH\lUMINIA 
FOODS\apps\web\node_modules\react-dom\cjs\react-dom-server.browser.production.min.js:70:253)
    at Z (F:\My Files\STITCH\lUMINIA 
FOODS\apps\web\node_modules\react-dom\cjs\react-dom-server.browser.production.min.js:76:89)
    at Zc (F:\My Files\STITCH\lUMINIA 
FOODS\apps\web\node_modules\react-dom\cjs\react-dom-server.browser.production.min.js:74:209)
    at Z (F:\My Files\STITCH\lUMINIA 
FOODS\apps\web\node_modules\react-dom\cjs\react-dom-server.browser.production.min.js:76:89)
    at Zc (F:\My Files\STITCH\lUMINIA 
FOODS\apps\web\node_modules\react-dom\cjs\react-dom-server.browser.production.min.js:74:209)
    at Z (F:\My Files\STITCH\lUMINIA 
FOODS\apps\web\node_modules\react-dom\cjs\react-dom-server.browser.production.min.js:76:89)
    at Zc (F:\My Files\STITCH\lUMINIA 
FOODS\apps\web\node_modules\react-dom\cjs\react-dom-server.browser.production.min.js:74:209)

Error occurred prerendering page "/experience". Read more: https://nextjs.org/docs/messages/prerender-error

TypeError: Cannot read properties of null (reading 'useContext')
    at exports.useContext (F:\My Files\STITCH\lUMINIA FOODS\node_modules\react\cjs\react.production.min.js:24:118)
    at StyleRegistry (F:\My Files\STITCH\lUMINIA FOODS\node_modules\styled-jsx\dist\index\index.js:450:30)
    at Wc (F:\My Files\STITCH\lUMINIA 
FOODS\apps\web\node_modules\react-dom\cjs\react-dom-server.browser.production.min.js:68:44)
    at Zc (F:\My Files\STITCH\lUMINIA 
FOODS\apps\web\node_modules\react-dom\cjs\react-dom-server.browser.production.min.js:70:253)
    at Z (F:\My Files\STITCH\lUMINIA 
FOODS\apps\web\node_modules\react-dom\cjs\react-dom-server.browser.production.min.js:76:89)
    at Zc (F:\My Files\STITCH\lUMINIA 
FOODS\apps\web\node_modules\react-dom\cjs\react-dom-server.browser.production.min.js:74:209)
    at Z (F:\My Files\STITCH\lUMINIA 
FOODS\apps\web\node_modules\react-dom\cjs\react-dom-server.browser.production.min.js:76:89)
    at Zc (F:\My Files\STITCH\lUMINIA 
FOODS\apps\web\node_modules\react-dom\cjs\react-dom-server.browser.production.min.js:74:209)
    at Z (F:\My Files\STITCH\lUMINIA 
FOODS\apps\web\node_modules\react-dom\cjs\react-dom-server.browser.production.min.js:76:89)
    at Zc (F:\My Files\STITCH\lUMINIA 
FOODS\apps\web\node_modules\react-dom\cjs\react-dom-server.browser.production.min.js:74:209)
   Generating static pages (15/20) 
TypeError: Cannot read properties of null (reading 'useContext')
    at exports.useContext (F:\My Files\STITCH\lUMINIA FOODS\node_modules\react\cjs\react.production.min.js:24:118)
    at StyleRegistry (F:\My Files\STITCH\lUMINIA FOODS\node_modules\styled-jsx\dist\index\index.js:450:30)
    at Wc (F:\My Files\STITCH\lUMINIA 
FOODS\apps\web\node_modules\react-dom\cjs\react-dom-server.browser.production.min.js:68:44)
    at Zc (F:\My Files\STITCH\lUMINIA 
FOODS\apps\web\node_modules\react-dom\cjs\react-dom-server.browser.production.min.js:70:253)
    at Z (F:\My Files\STITCH\lUMINIA 
FOODS\apps\web\node_modules\react-dom\cjs\react-dom-server.browser.production.min.js:76:89)
    at Zc (F:\My Files\STITCH\lUMINIA 
FOODS\apps\web\node_modules\react-dom\cjs\react-dom-server.browser.production.min.js:74:209)
    at Z (F:\My Files\STITCH\lUMINIA 
FOODS\apps\web\node_modules\react-dom\cjs\react-dom-server.browser.production.min.js:76:89)
    at Zc (F:\My Files\STITCH\lUMINIA 
FOODS\apps\web\node_modules\react-dom\cjs\react-dom-server.browser.production.min.js:74:209)
    at Z (F:\My Files\STITCH\lUMINIA 
FOODS\apps\web\node_modules\react-dom\cjs\react-dom-server.browser.production.min.js:76:89)
    at Zc (F:\My Files\STITCH\lUMINIA 
FOODS\apps\web\node_modules\react-dom\cjs\react-dom-server.browser.production.min.js:74:209)

Error occurred prerendering page "/404". Read more: https://nextjs.org/docs/messages/prerender-error

TypeError: Cannot read properties of null (reading 'useContext')
    at exports.useContext (F:\My Files\STITCH\lUMINIA FOODS\node_modules\react\cjs\react.production.min.js:24:118)
    at StyleRegistry (F:\My Files\STITCH\lUMINIA FOODS\node_modules\styled-jsx\dist\index\index.js:450:30)
    at Wc (F:\My Files\STITCH\lUMINIA 
FOODS\apps\web\node_modules\react-dom\cjs\react-dom-server.browser.production.min.js:68:44)
    at Zc (F:\My Files\STITCH\lUMINIA 
FOODS\apps\web\node_modules\react-dom\cjs\react-dom-server.browser.production.min.js:70:253)
    at Z (F:\My Files\STITCH\lUMINIA 
FOODS\apps\web\node_modules\react-dom\cjs\react-dom-server.browser.production.min.js:76:89)
    at Zc (F:\My Files\STITCH\lUMINIA 
FOODS\apps\web\node_modules\react-dom\cjs\react-dom-server.browser.production.min.js:74:209)
    at Z (F:\My Files\STITCH\lUMINIA 
FOODS\apps\web\node_modules\react-dom\cjs\react-dom-server.browser.production.min.js:76:89)
    at Zc (F:\My Files\STITCH\lUMINIA 
FOODS\apps\web\node_modules\react-dom\cjs\react-dom-server.browser.production.min.js:74:209)
    at Z (F:\My Files\STITCH\lUMINIA 
FOODS\apps\web\node_modules\react-dom\cjs\react-dom-server.browser.production.min.js:76:89)
    at Zc (F:\My Files\STITCH\lUMINIA 
FOODS\apps\web\node_modules\react-dom\cjs\react-dom-server.browser.production.min.js:74:209)
TypeError: Cannot read properties of null (reading 'useContext')
    at exports.useContext (F:\My Files\STITCH\lUMINIA FOODS\node_modules\react\cjs\react.production.min.js:24:118)
    at StyleRegistry (F:\My Files\STITCH\lUMINIA FOODS\node_modules\styled-jsx\dist\index\index.js:450:30)
    at Wc (F:\My Files\STITCH\lUMINIA 
FOODS\apps\web\node_modules\react-dom\cjs\react-dom-server.browser.production.min.js:68:44)
    at Zc (F:\My Files\STITCH\lUMINIA 
FOODS\apps\web\node_modules\react-dom\cjs\react-dom-server.browser.production.min.js:70:253)
    at Z (F:\My Files\STITCH\lUMINIA 
FOODS\apps\web\node_modules\react-dom\cjs\react-dom-server.browser.production.min.js:76:89)
    at Zc (F:\My Files\STITCH\lUMINIA 
FOODS\apps\web\node_modules\react-dom\cjs\react-dom-server.browser.production.min.js:74:209)
    at Z (F:\My Files\STITCH\lUMINIA 
FOODS\apps\web\node_modules\react-dom\cjs\react-dom-server.browser.production.min.js:76:89)
    at Zc (F:\My Files\STITCH\lUMINIA 
FOODS\apps\web\node_modules\react-dom\cjs\react-dom-server.browser.production.min.js:74:209)
    at Z (F:\My Files\STITCH\lUMINIA 
FOODS\apps\web\node_modules\react-dom\cjs\react-dom-server.browser.production.min.js:76:89)
    at Zc (F:\My Files\STITCH\lUMINIA 
FOODS\apps\web\node_modules\react-dom\cjs\react-dom-server.browser.production.min.js:74:209)

Error occurred prerendering page "/offers". Read more: https://nextjs.org/docs/messages/prerender-error

TypeError: Cannot read properties of null (reading 'useContext')
    at exports.useContext (F:\My Files\STITCH\lUMINIA FOODS\node_modules\react\cjs\react.production.min.js:24:118)
    at StyleRegistry (F:\My Files\STITCH\lUMINIA FOODS\node_modules\styled-jsx\dist\index\index.js:450:30)
    at Wc (F:\My Files\STITCH\lUMINIA 
FOODS\apps\web\node_modules\react-dom\cjs\react-dom-server.browser.production.min.js:68:44)
    at Zc (F:\My Files\STITCH\lUMINIA 
FOODS\apps\web\node_modules\react-dom\cjs\react-dom-server.browser.production.min.js:70:253)
    at Z (F:\My Files\STITCH\lUMINIA 
FOODS\apps\web\node_modules\react-dom\cjs\react-dom-server.browser.production.min.js:76:89)
    at Zc (F:\My Files\STITCH\lUMINIA 
FOODS\apps\web\node_modules\react-dom\cjs\react-dom-server.browser.production.min.js:74:209)
    at Z (F:\My Files\STITCH\lUMINIA 
FOODS\apps\web\node_modules\react-dom\cjs\react-dom-server.browser.production.min.js:76:89)
    at Zc (F:\My Files\STITCH\lUMINIA 
FOODS\apps\web\node_modules\react-dom\cjs\react-dom-server.browser.production.min.js:74:209)
    at Z (F:\My Files\STITCH\lUMINIA 
FOODS\apps\web\node_modules\react-dom\cjs\react-dom-server.browser.production.min.js:76:89)
    at Zc (F:\My Files\STITCH\lUMINIA 
FOODS\apps\web\node_modules\react-dom\cjs\react-dom-server.browser.production.min.js:74:209)
TypeError: Cannot read properties of null (reading 'useContext')
    at exports.useContext (F:\My Files\STITCH\lUMINIA FOODS\node_modules\react\cjs\react.production.min.js:24:118)
    at StyleRegistry (F:\My Files\STITCH\lUMINIA FOODS\node_modules\styled-jsx\dist\index\index.js:450:30)
    at Wc (F:\My Files\STITCH\lUMINIA 
FOODS\apps\web\node_modules\react-dom\cjs\react-dom-server.browser.production.min.js:68:44)
    at Zc (F:\My Files\STITCH\lUMINIA 
FOODS\apps\web\node_modules\react-dom\cjs\react-dom-server.browser.production.min.js:70:253)
    at Z (F:\My Files\STITCH\lUMINIA 
FOODS\apps\web\node_modules\react-dom\cjs\react-dom-server.browser.production.min.js:76:89)
    at Zc (F:\My Files\STITCH\lUMINIA 
FOODS\apps\web\node_modules\react-dom\cjs\react-dom-server.browser.production.min.js:74:209)
    at Z (F:\My Files\STITCH\lUMINIA 
FOODS\apps\web\node_modules\react-dom\cjs\react-dom-server.browser.production.min.js:76:89)
    at Zc (F:\My Files\STITCH\lUMINIA 
FOODS\apps\web\node_modules\react-dom\cjs\react-dom-server.browser.production.min.js:74:209)
    at Z (F:\My Files\STITCH\lUMINIA 
FOODS\apps\web\node_modules\react-dom\cjs\react-dom-server.browser.production.min.js:76:89)
    at Zc (F:\My Files\STITCH\lUMINIA 
FOODS\apps\web\node_modules\react-dom\cjs\react-dom-server.browser.production.min.js:74:209)

Error occurred prerendering page "/profile". Read more: https://nextjs.org/docs/messages/prerender-error

TypeError: Cannot read properties of null (reading 'useContext')
    at exports.useContext (F:\My Files\STITCH\lUMINIA FOODS\node_modules\react\cjs\react.production.min.js:24:118)
    at StyleRegistry (F:\My Files\STITCH\lUMINIA FOODS\node_modules\styled-jsx\dist\index\index.js:450:30)
    at Wc (F:\My Files\STITCH\lUMINIA 
FOODS\apps\web\node_modules\react-dom\cjs\react-dom-server.browser.production.min.js:68:44)
    at Zc (F:\My Files\STITCH\lUMINIA 
FOODS\apps\web\node_modules\react-dom\cjs\react-dom-server.browser.production.min.js:70:253)
    at Z (F:\My Files\STITCH\lUMINIA 
FOODS\apps\web\node_modules\react-dom\cjs\react-dom-server.browser.production.min.js:76:89)
    at Zc (F:\My Files\STITCH\lUMINIA 
FOODS\apps\web\node_modules\react-dom\cjs\react-dom-server.browser.production.min.js:74:209)
    at Z (F:\My Files\STITCH\lUMINIA 
FOODS\apps\web\node_modules\react-dom\cjs\react-dom-server.browser.production.min.js:76:89)
    at Zc (F:\My Files\STITCH\lUMINIA 
FOODS\apps\web\node_modules\react-dom\cjs\react-dom-server.browser.production.min.js:74:209)
    at Z (F:\My Files\STITCH\lUMINIA 
FOODS\apps\web\node_modules\react-dom\cjs\react-dom-server.browser.production.min.js:76:89)
    at Zc (F:\My Files\STITCH\lUMINIA 
FOODS\apps\web\node_modules\react-dom\cjs\react-dom-server.browser.production.min.js:74:209)
TypeError: Cannot read properties of null (reading 'useContext')
    at exports.useContext (F:\My Files\STITCH\lUMINIA FOODS\node_modules\react\cjs\react.production.min.js:24:118)
    at StyleRegistry (F:\My Files\STITCH\lUMINIA FOODS\node_modules\styled-jsx\dist\index\index.js:450:30)
    at Wc (F:\My Files\STITCH\lUMINIA 
FOODS\apps\web\node_modules\react-dom\cjs\react-dom-server.browser.production.min.js:68:44)
    at Zc (F:\My Files\STITCH\lUMINIA 
FOODS\apps\web\node_modules\react-dom\cjs\react-dom-server.browser.production.min.js:70:253)
    at Z (F:\My Files\STITCH\lUMINIA 
FOODS\apps\web\node_modules\react-dom\cjs\react-dom-server.browser.production.min.js:76:89)
    at Zc (F:\My Files\STITCH\lUMINIA 
FOODS\apps\web\node_modules\react-dom\cjs\react-dom-server.browser.production.min.js:74:209)
    at Z (F:\My Files\STITCH\lUMINIA 
FOODS\apps\web\node_modules\react-dom\cjs\react-dom-server.browser.production.min.js:76:89)
    at Zc (F:\My Files\STITCH\lUMINIA 
FOODS\apps\web\node_modules\react-dom\cjs\react-dom-server.browser.production.min.js:74:209)
    at Z (F:\My Files\STITCH\lUMINIA 
FOODS\apps\web\node_modules\react-dom\cjs\react-dom-server.browser.production.min.js:76:89)
    at Zc (F:\My Files\STITCH\lUMINIA 
FOODS\apps\web\node_modules\react-dom\cjs\react-dom-server.browser.production.min.js:74:209)

Error occurred prerendering page "/500". Read more: https://nextjs.org/docs/messages/prerender-error

TypeError: Cannot read properties of null (reading 'useContext')
    at exports.useContext (F:\My Files\STITCH\lUMINIA FOODS\node_modules\react\cjs\react.production.min.js:24:118)
    at StyleRegistry (F:\My Files\STITCH\lUMINIA FOODS\node_modules\styled-jsx\dist\index\index.js:450:30)
    at Wc (F:\My Files\STITCH\lUMINIA 
FOODS\apps\web\node_modules\react-dom\cjs\react-dom-server.browser.production.min.js:68:44)
    at Zc (F:\My Files\STITCH\lUMINIA 
FOODS\apps\web\node_modules\react-dom\cjs\react-dom-server.browser.production.min.js:70:253)
    at Z (F:\My Files\STITCH\lUMINIA 
FOODS\apps\web\node_modules\react-dom\cjs\react-dom-server.browser.production.min.js:76:89)
    at Zc (F:\My Files\STITCH\lUMINIA 
FOODS\apps\web\node_modules\react-dom\cjs\react-dom-server.browser.production.min.js:74:209)
    at Z (F:\My Files\STITCH\lUMINIA 
FOODS\apps\web\node_modules\react-dom\cjs\react-dom-server.browser.production.min.js:76:89)
    at Zc (F:\My Files\STITCH\lUMINIA 
FOODS\apps\web\node_modules\react-dom\cjs\react-dom-server.browser.production.min.js:74:209)
    at Z (F:\My Files\STITCH\lUMINIA 
FOODS\apps\web\node_modules\react-dom\cjs\react-dom-server.browser.production.min.js:76:89)
    at Zc (F:\My Files\STITCH\lUMINIA 
FOODS\apps\web\node_modules\react-dom\cjs\react-dom-server.browser.production.min.js:74:209)
 Γ£ô Generating static pages (20/20)

> Export encountered errors on following paths:
	/
	/_error: /404
	/_error: /500
	/catering
	/catering-dynamic
	/checkout
	/experience
	/home
	/ingredients
	/locate-us
	/locations
	/lumina-bites-home-mobile
	/luxury-offers
	/menu-dashboard
	/my-profile
	/offers
	/order-confirmation
	/order-tracking
	/profile
	/tracking
npm error Lifecycle script `build` failed with error:
npm error code 1
npm error path F:\My Files\STITCH\lUMINIA FOODS\apps\web
npm error workspace web@1.0.0
npm error location F:\My Files\STITCH\lUMINIA FOODS\apps\web
npm error command failed
npm error command C:\Windows\system32\cmd.exe /d /s /c next build
